controlador\ControladorAuditoria.class
controlador\Validar.class
modelo\VentaDetalle.class
modeloDAO\InterfazCompraDetalleDAO.class
modelo\Proveedor.class
modeloDAO\InterfazCompraDAO.class
modeloDAO\CompraDAO.class
controlador\ControladorCompraDetalle.class
config\Conexion.class
controlador\cerrarSesion.class
modeloDAO\VentaDAO.class
modeloDAO\InterfazProveedorDAO.class
controlador\ControladorCompra.class
modelo\Compra.class
modelo\Auditoria.class
modeloDAO\InterfazUsuarioDAO.class
controlador\ControladorProveedores.class
modeloDAO\VentaDetalleDAO.class
modeloDAO\InterfazClienteDAO.class
modeloDAO\AuditoriaDAO.class
modeloDAO\CompraDetalleDAO.class
modeloDAO\ClienteDAO.class
controlador\ControladorProductos.class
modeloDAO\ProveedorDAO.class
modelo\Venta.class
modeloDAO\ProductoDAO.class
controlador\ControladorVentaDetalle.class
controlador\ControladorClientes.class
modeloDAO\InterfazVentaDetalleDAO.class
modelo\CompraDetalle.class
controlador\ControladorUsuarios.class
modelo\Cliente.class
controlador\ControladorVenta.class
modeloDAO\InterfazProductoDAO.class
modelo\Producto.class
modeloDAO\InterfazAuditoriaDAO.class
modeloDAO\InterfazVentaDAO.class
modeloDAO\UsuarioDAO.class
modelo\Usuario.class
